// Jest Snapshot v1, https://goo.gl/fbAQLP

exports[`PokemonStat Card with Link should match with snapshot 1`] = `
<div
  className="wrapper"
>
  <div
    className="inner"
  >
    <div
      className="info"
    >
      <h2>
        ID
         
        #
      </h2>
      <h2>
        HEIGHT
         
        
      </h2>
      <h2>
        WEIGHT
         
        PokemonStats
        
      </h2>
      <div
        className="stat-type"
      >
        <h2>
          TYPE
        </h2>
        <h3
          className="type0"
        />
        <h3
          className="type1"
        />
      </div>
      <h2>
        NEXT-EVOLUTION
         
        NO-EVOLUTION
      </h2>
    </div>
    <div
      className="stat-ability"
    >
      <h2>
        ABILITY
      </h2>
      <h3
        className="ability1"
      >
        --
      </h3>
      <h3
        className="ability2"
      >
        --
      </h3>
    </div>
    <div
      className="description"
    >
      <h2>
        DESCRIPTION
      </h2>
      <h3>
        
      </h3>
    </div>
  </div>
  <div
    className="stats-image"
  >
    <img
      alt={Array []}
      src=""
    />
  </div>
  <div
    className="inner2 stats"
  >
    <h2>
      POKEMON STATS
    </h2>
    <div />
  </div>
</div>
`;
