// Jest Snapshot v1, https://goo.gl/fbAQLP

exports[`Pokemon stats should match with snapshot 1`] = `
Array [
  <div
    className="button-home"
  >
    <a
      href="/"
      onClick={[Function]}
    >
      HOME
    </a>
  </div>,
  <div
    className="stat-name"
  >
    <h1>
      #undefined
       - 
    </h1>
  </div>,
  <div
    className="wrapper"
  >
    <div
      className="inner"
    >
      <div
        className="info"
      >
        <h2>
          ID
           
          #
        </h2>
        <h2>
          HEIGHT
           
        </h2>
        <h2>
          WEIGHT
           
        </h2>
      </div>
      <div
        className="description"
      >
        <h2>
          DESCRIPTION
        </h2>
        <h3 />
      </div>
    </div>
    <div
      className="stats-image"
    >
      <img />
    </div>
    <div
      className="inner2 stats"
    >
      <h2>
        POKEMON STATS
      </h2>
      <div />
    </div>
  </div>,
]
`;
